// Jest Snapshot v1, https://goo.gl/fbAQLP

exports[`When home component is mounted should check for snapshot 1`] = `ReactWrapper {}`;
